// Jest Snapshot v1, https://goo.gl/fbAQLP

exports[`SNAPSHOT TEST Header Component 1`] = `
<div
  className="  flex relative z-20 header py-4 px-8 h-16"
>
  <a
    className="logo"
    href="#"
  />
  <div
    className="backbtn"
    onClick={[Function]}
  />
  <h1
    className="text-2xl text-white font-semibold self-center"
    id="tabname"
  >
    Inbox
  </h1>
  <button
    className="hamburger hamburger--collapse "
    onClick={[Function]}
    type="button"
  >
    <span
      className="hamburger-box"
    >
      <span
        className="hamburger-inner"
      />
    </span>
  </button>
</div>
`;
