// Jest Snapshot v1, https://goo.gl/fbAQLP

exports[`LOG IN SNAPSHOT TEST log in page 1`] = `
<div>
  <div
    className="auth"
  >
    <nav
      className="appNavig  anim"
    >
      <div
        className="flex md:flex-1 w-full"
      >
        <div
          className="flex-1 flex justify-between items-center"
        >
          <a
            className="logo"
            href="#"
          />
        </div>
        <button
          className="hamburger hamburger--collapse   md:hidden"
          onClick={[Function]}
          type="button"
        >
          <span
            className="hamburger-box"
          >
            <span
              className="hamburger-inner"
            />
          </span>
        </button>
      </div>
      <div
        className="md:flex md:items-center md:w-auto w-full"
        id="menu"
      >
        <div>
          <ul
            className="md:flex items-center justify-between text-base text-white font-montserrat font-medium pt-4 md:pt-0"
          >
            <li>
              <a
                className="md:p-4 py-3 px-0 block border-b-2 border-transparent hover:border-yellow-400"
                href="/signup"
                onClick={[Function]}
              >
                Features
              </a>
            </li>
            <li>
              <a
                className="md:p-4 py-3 px-0 block border-b-2 border-transparent hover:border-yellow-400 md:mb-0 mb-2"
                href="/signup"
                onClick={[Function]}
              >
                Support
              </a>
            </li>
            <li>
              <a
                className="md:p-4 py-3 px-0 block border-b-2 border-transparent hover:border-yellow-400"
                href="/signup"
                onClick={[Function]}
              >
                Sign Up
              </a>
            </li>
            <li>
              <a
                className="md:p-4 py-3 px-0 block border-b-2 border-transparent hover:border-yellow-400"
                href="/login"
                onClick={[Function]}
              >
                Log In
              </a>
            </li>
          </ul>
        </div>
        <a
          className="hidden md:flex md:ml-4 items-center justify-center md:mb-0 mb-4 pointer-cursor"
          href="#"
        >
          <img
            alt="Andy Leverenz"
            className="rounded-full w-10 h-10 border-2 border-transparent hover:border-indigo-400"
            src="/dp.png"
          />
        </a>
      </div>
    </nav>
    <div
      className="signUp z-20 relative flexdiv"
    >
      <form
        autoComplete="off"
        className=""
        onSubmit={[Function]}
      >
        <div>
          <h3
            className="text-center text-white text-3xl font-semibold"
          >
            Sign Up
          </h3>
          <div
            className="input-con"
          >
            <div
              className="flex undefined input-group items-center"
            >
              <label
                htmlFor="firstName"
              >
                First Name
              </label>
              <input
                className="input"
                name="firstName"
                onChange={[Function]}
                required={true}
                type="text"
              />
            </div>
            <div
              className="flex undefined input-group items-center"
            >
              <label
                htmlFor="lastName"
              >
                Last Name
              </label>
              <input
                className="input"
                name="lastName"
                onChange={[Function]}
                required={true}
                type="text"
              />
            </div>
            <div
              className="flex undefined input-group items-center"
            >
              <label
                htmlFor="email"
              >
                Email
              </label>
              <input
                className="input"
                name="email"
                onChange={[Function]}
                placeholder="username@epicmail.com"
                required={true}
                type="email"
              />
            </div>
            <div
              className="flex undefined input-group items-center"
            >
              <label
                htmlFor="recoveryEmail"
              >
                Recovery Email
              </label>
              <input
                className="input"
                name="recoveryEmail"
                onChange={[Function]}
                required={true}
                type="email"
              />
            </div>
            <div
              className="flex undefined input-group items-center"
            >
              <label
                htmlFor="password"
              >
                Password
              </label>
              <input
                className="input"
                name="password"
                onChange={[Function]}
                required={true}
                type="password"
              />
            </div>
            <div
              className="flex undefined input-group items-center"
            >
              <label
                htmlFor="confirmPassword"
              >
                Confirm Password
              </label>
              <input
                className="input"
                name="confirmPassword"
                onChange={[Function]}
                required={true}
                type="password"
              />
            </div>
          </div>
          <button
            className="px-8 py-3 shadow-lg text-center block mx-auto text-yellow-800 font-semibold bg-yellow-500 rounded-lg"
            disabled={false}
            type="submit"
          >
            Register
          </button>
        </div>
      </form>
    </div>
    <footer
      className=" text-center text-sm py-3 w-full"
    >
      <h3
        className="text-white "
      >
        EPICMAIL Copyright 
        2019
      </h3>
    </footer>
  </div>
  <div
    className="Toastify"
  />
</div>
`;
